KUKUapis.apimgt.KUKU.com
KUKUidmcredentials.idm.fndsec.KUKU.com
KUKUidmroleses.idm.fndsec.KUKU.com
KUKUidmusers.idm.fndsec.KUKU.com
KUKUpkikeystores.pki.fndsec.KUKU.com
apmservers.apm.k8s.elastic.co
clusterserviceversions.operators.coreos.com
configbindings.app.KUKU.com
configmaps
controllerrevisions.apps
customresourcebindings.app.KUKU.com
deployments.apps
elasticsearches.elasticsearch.k8s.elastic.co
endpointslices.discovery.k8s.io
endpoints
events
horizontalpodautoscalers.autoscaling
ingresses.networking.k8s.io
jobs.batch
kafkas.platform.confluent.io
leases.coordination.k8s.io
microservices.app.KUKU.com
packagemanifests.packages.operators.coreos.com
persistentvolumeclaims
poddisruptionbudgets.policy
podmonitors.monitoring.coreos.com
pods
pods.metrics.k8s.io
replicasets.apps
resourcerequests.app.KUKU.com
rolebindings.authorization.openshift.io
rolebindings.rbac.authorization.k8s.io
roles.authorization.openshift.io
roles.rbac.authorization.k8s.io
routes.route.openshift.io
secrets
serviceaccounts
serviceinstances.servicecatalog.k8s.io
servicemonitors.monitoring.coreos.com
services
sparkapplications.sparkoperator.k8s.io
statefulsets.apps
zookeepers.platform.confluent.io
